Starting CAP Project Generator...
Using @sap/cds-dk [9.9.1] from /extbin/globals/bun/global/install/node_modules/@sap/cds-dk
Using @sap/generator-cap-project [2.0.6] from [/extbin/globals/bun/global/install/node_modules/@sap/generator-cap-project]
Using root path [/home/user/projects]

Creating project with containerize, hana, helm, mta, nodejs

Adding facet: nodejs
Adding facet: mta
The "cds add helm" command is deprecated and will be removed in the next major release. Please use the "cds add kyma" command instead.
Adding facet: helm
Adding facet: containerize
Adding facet: kyma
Adding facet: hana

Successfully initialized CAP project
Continue with: code zpurchaserequestmanagementsystem1 


Installing dependencies...

added 259 packages, and audited 260 packages in 4s

39 packages are looking for funding
  run `npm fund` for details

found 0 vulnerabilities

Finished installing dependencies

Done setting up project zpurchaserequestmanagementsystem1
Project is ready to use

